03:56:40 **** Incremental Build of configuration Debug for project capsule-base ****
make -j8 all 
arm-none-eabi-gcc "../Core/Src/main.c" -mcpu=cortex-m4 -std=gnu11 -g3 -DDEBUG -DUSE_HAL_DRIVER -DSTM32G473xx -c -I../Core/Inc -I../Drivers/STM32G4xx_HAL_Driver/Inc -I../Drivers/STM32G4xx_HAL_Driver/Inc/Legacy -I../Drivers/CMSIS/Device/ST/STM32G4xx/Include -I../Drivers/CMSIS/Include -O0 -ffunction-sections -fdata-sections -Wall -fstack-usage -fcyclomatic-complexity -MMD -MP -MF"Core/Src/main.d" -MT"Core/Src/main.o" --specs=nano.specs -mfpu=fpv4-sp-d16 -mfloat-abi=hard -mthumb -o "Core/Src/main.o"
../Core/Src/main.c: In function 'main':
../Core/Src/main.c:119:15: warning: unused variable 'adxl_init' [-Wunused-variable]
  119 |           int adxl_init = ADXL343_Init();
      |               ^~~~~~~~~
arm-none-eabi-gcc -o "capsule-base.elf" @"objects.list"   -mcpu=cortex-m4 -T"C:\Users\kathe\Projects\ingestible-capsule-firmware\cubeide\capsule-base\STM32G473CCUX_FLASH.ld" --specs=nosys.specs -Wl,-Map="capsule-base.map" -Wl,--gc-sections -static --specs=nano.specs -mfpu=fpv4-sp-d16 -mfloat-abi=hard -mthumb -Wl,--start-group -lc -lm -Wl,--end-group
Finished building target: capsule-base.elf
 
arm-none-eabi-size  capsule-base.elf 
arm-none-eabi-objdump -h -S capsule-base.elf  > "capsule-base.list"
   text	   data	    bss	    dec	    hex	filename
  31088	     92	   8476	  39656	   9ae8	capsule-base.elf
Finished building: default.size.stdout
 
Finished building: capsule-base.list
 
